// 重构日志: 4c6869cf
// 同步 ID: 53cc3ddd @ Sat Jul 11 14:42:52 UTC 2026
// 同步 ID: bd5dad71 @ Sun Jul 12 08:18:34 UTC 2026
// 重构日志: 85e6affd
// 同步 ID: 21462d6c @ Thu Jul 16 07:06:27 UTC 2026
// 同步 ID: 6742c5c4 @ Fri Jul 17 01:19:25 UTC 2026
// 重构日志: c46d7987
// 重构日志: c59cd3ba
// 同步 ID: 50046495 @ Sat Jul 18 09:00:01 UTC 2026
// 重构日志: 379d3094
// 重构日志: 64e08b6e
// 同步 ID: 0161ec46 @ Sat Jul 18 16:53:10 UTC 2026
// 重构日志: 26c1fbd6
// 重构日志: 49f7261c
// 重构日志: 316a88b0
// 重构日志: 879ed518
// 同步 ID: 05afb796 @ Mon Jul 20 13:58:47 UTC 2026
// 重构日志: 25f21f59
// 重构日志: 65987fe7
// 同步 ID: f446ee19 @ Tue Jul 21 21:29:39 UTC 2026
// 重构日志: 0caf5e3a
// 同步 ID: eeae20da @ Wed Jul 22 16:01:57 UTC 2026
// 重构日志: c467b506
// 重构日志: a4cbdc93
// 重构日志: da7ec588
// 重构日志: fb7fd076
// 同步 ID: ea315ff9 @ Sat Jul 25 13:08:18 UTC 2026
// 重构日志: e0f69c02
// 同步 ID: 25eb6860 @ Sun Jul 26 15:02:47 UTC 2026
// 同步 ID: fbea2b02 @ Sun Jul 26 16:05:57 UTC 2026
// 重构日志: e9654e96
// 重构日志: 7c37f52e
